[backblue.gif]
[fade.gif]
[index.html]
[www.aep.ng/wp-content/uploads/2020/03/AEPicon.jpg]
[www.aep.ng/feed/index.html]
[www.aep.ng/comments/feed/index.html]
[www.aep.ng/home/feed/index.html]
[www.aep.ng/index.html]
[www.aep.ng/wp-includes/js/jquery/jquery4a5f.js]
[www.aep.ng/wp-content/plugins/LayerSlider/static/layerslider/js/greensockb3a6.js]
[www.aep.ng/wp-includes/js/jquery/jquery-migrate.min330a.js]
[www.aep.ng/wp-content/plugins/LayerSlider/static/layerslider/js/layerslider.kreaturamedia.jquery36ec.js]
[www.aep.ng/wp-content/plugins/LayerSlider/static/layerslider/css/layerslider36ec.css]
[www.aep.ng/wp-content/plugins/revslider/public/assets/js/revolution.tools.minf049.js]
[www.aep.ng/wp-includes/css/dist/block-library/style.min4109.css]
[www.aep.ng/wp-content/plugins/revslider/public/assets/js/rs6.minfe13.js]
[www.aep.ng/wp-content/plugins/LayerSlider/static/layerslider/js/layerslider.transitions36ec.js]
[www.aep.ng/wp-includes/wlwmanifest.xml]
[www.aep.ng/wp-json/index.html]
[www.aep.ng/xmlrpc0db0.php]
[www.aep.ng/wp-content/plugins/contact-form-7/includes/css/stylesb62d.css]
[www.aep.ng/wp-json/oembed/1.0/embed9a2f]
[www.aep.ng/wp-json/oembed/1.0/embed6c84.json]
[www.aep.ng/wp-content/uploads/2020/03/Oil-and-Gas-1-.jpg]
[www.aep.ng/wp-content/uploads/2020/10/AEP-Logo-Main-Main-1-scaled.jpg]
[www.aep.ng/wp-content/plugins/revslider/public/assets/css/rs6fe13.css]
[www.aep.ng/wp-content/themes/betheme/style6d7d.css]
[www.aep.ng/wp-content/themes/betheme/css/base6d7d.css]
[www.aep.ng/wp-content/uploads/2020/03/Oil-and-Gas-3.jpg]
[www.aep.ng/wp-content/themes/betheme/css/layout6d7d.css]
[www.aep.ng/wp-content/uploads/2020/03/Oil-and-Gas-4.jpg]
[www.aep.ng/wp-content/uploads/2020/03/matthew-henry-yETqkLnhsUI-unsplash-scaled.jpg]
[www.aep.ng/wp-content/themes/betheme/css/shortcodes6d7d.css]
[www.aep.ng/wp-content/uploads/2020/03/AEP-1.png]
[www.aep.ng/wp-content/uploads/2020/03/Oil-Ready.jpg]
[www.aep.ng/wp-content/themes/betheme/assets/animations/animations.min6d7d.css]
[www.aep.ng/wp-content/uploads/2020/03/Power-Ready.jpg]
[www.aep.ng/wp-content/uploads/2020/03/4.-Man-Power.jpg]
[www.aep.ng/wp-content/themes/betheme/assets/ui/jquery.ui.all6d7d.css]
[www.aep.ng/wp-content/uploads/2020/03/money-Ready3.jpg]
[www.aep.ng/wp-content/themes/betheme/assets/jplayer/css/jplayer.blue.monday6d7d.css]
[www.aep.ng/wp-content/uploads/2020/03/5.-Engineering-construction-main.jpg]
[www.aep.ng/wp-content/uploads/2020/03/6.-Drilling-main.jpg]
[www.aep.ng/wp-content/themes/betheme/css/responsive6d7d.css]
[www.aep.ng/wp-content/uploads/2020/03/7.-Pipeline-construction-main.jpg]
[www.aep.ng/wp-content/uploads/2020/03/4.-Belbadi-115x75.png]
[www.aep.ng/wp-content/uploads/2020/03/2.-Pics-115x75.png]
[www.aep.ng/wp-content/uploads/2020/03/1.Horizon-115x75.png]
[www.aep.ng/about-us/index.html]
[www.aep.ng/wp-content/uploads/2020/03/3.Westford-115x75.png]
[www.aep.ng/wp-content/uploads/2020/03/5.-Alsa-115x75.png]
[www.aep.ng/wp-content/uploads/2020/03/AEPicon2.jpg]
[www.aep.ng/our-team/index.html]
[www.aep.ng/wp-content/plugins/contact-form-7/includes/js/scriptsb62d.js]
[www.aep.ng/wp-includes/js/jquery/ui/core.mine899.js]
[www.aep.ng/wp-includes/js/jquery/ui/mouse.mine899.js]
[www.aep.ng/wp-includes/js/jquery/ui/widget.mine899.js]
[www.aep.ng/wp-includes/js/jquery/ui/sortable.mine899.js]
[www.aep.ng/wp-includes/js/jquery/ui/tabs.mine899.js]
[www.aep.ng/our-services/index.html]
[www.aep.ng/wp-content/themes/betheme/js/plugins6d7d.js]
[www.aep.ng/wp-includes/js/jquery/ui/accordion.mine899.js]
[www.aep.ng/wp-content/themes/betheme/js/menu6d7d.js]
[www.aep.ng/wp-content/themes/betheme/assets/jplayer/jplayer.min6d7d.js]
[www.aep.ng/wp-content/themes/betheme/assets/animations/animations.min6d7d.js]
[www.aep.ng/wp-content/themes/betheme/js/scripts6d7d.js]
[www.aep.ng/wp-includes/js/wp-embed.min4109.js]
[www.aep.ng/wp-content/themes/betheme/js/parallax/translate3d6d7d.js]
[www.aep.ng/wp-content/plugins/LayerSlider/static/layerslider/img/icon-unmuted-white.png]
[www.aep.ng/wp-content/plugins/contact-form-7/images/ajax-loader.gif]
[www.aep.ng/wp-content/plugins/revslider/public/assets/fonts/revicons/revicons90c6.eot]
[www.aep.ng/wp-content/plugins/LayerSlider/static/layerslider/img/icon-muted-white.png]
[www.aep.ng/wp-content/plugins/revslider/public/assets/fonts/revicons/revicons90c6.ttf]
[www.aep.ng/wp-content/plugins/revslider/public/assets/fonts/revicons/revicons90c6.woff]
[www.aep.ng/oil-and-gas/index.html]
[www.aep.ng/wp-content/plugins/revslider/public/assets/assets/gridtile.png]
[www.aep.ng/wp-content/plugins/revslider/public/assets/assets/gridtile_white.png]
[www.aep.ng/power/index.html]
[www.aep.ng/asset-financing/index.html]
[www.aep.ng/wp-content/plugins/revslider/public/assets/assets/gridtile_3x3.png]
[www.aep.ng/wp-content/plugins/revslider/public/assets/assets/gridtile_3x3_white.png]
[www.aep.ng/wp-content/plugins/revslider/public/assets/assets/coloredbg.png]
[www.aep.ng/wp-content/plugins/revslider/public/assets/assets/loader.gif]
[www.aep.ng/man-power-training/index.html]
[www.aep.ng/engineering-construction-procurement/index.html]
[www.aep.ng/wp-content/themes/betheme/fonts/mfn-icons28cd.eot]
[www.aep.ng/wp-content/themes/betheme/fonts/mfn-icons28cd.woff]
[www.aep.ng/wp-content/themes/betheme/fonts/mfn-icons28cd.ttf]
[www.aep.ng/wp-content/themes/betheme/images/box_shadow_button.png]
[www.aep.ng/wp-content/themes/betheme/images/contact_form_error.png]
[www.aep.ng/wp-content/themes/betheme/images/bg_panel.png]
[www.aep.ng/wp-content/themes/betheme/images/stripes/stripes_5_b.png]
[www.aep.ng/wp-content/themes/betheme/images/stripes/stripes_3_b.png]
[www.aep.ng/drilling/index.html]
[www.aep.ng/pipeline-construction-supply/index.html]
[www.aep.ng/wp-content/themes/betheme/images/box_shadow.png]
[www.aep.ng/wp-content/themes/betheme/images/preloader.gif]
[www.aep.ng/wp-content/themes/betheme/images/blockquote.png]
[www.aep.ng/wp-content/themes/betheme/images/link.png]
[www.aep.ng/partners/index.html]
[www.aep.ng/careers/index.html]
[www.aep.ng/wp-content/themes/betheme/images/blog_masonry_tile_gradient.png]
[www.aep.ng/wp-content/themes/betheme/images/top_bar_right_shadow.png]
[www.aep.ng/wp-content/themes/betheme/images/timeline_right.png]
[www.aep.ng/wp-content/themes/betheme/images/photo.png]
[www.aep.ng/wp-content/themes/betheme/images/recent_comments.png]
[www.aep.ng/wp-content/themes/betheme/images/stripes/stripes_10_w.png]
[www.aep.ng/contact-us/index.html]
[www.aep.ng/wp-content/themes/betheme/images/stripes/textline_dark.png]
[www.aep.ng/wp-content/themes/betheme/images/videomask.png]
[www.aep.ng/wp-content/themes/betheme/images/blockquote_dark.png]
[www.aep.ng/wp-content/themes/betheme/images/fancy_heading_hr_dark.png]
[www.aep.ng/engineering-construction/index.html]
[www.aep.ng/wp-content/themes/betheme/images/icons/list_check.png]
[www.aep.ng/wp-content/themes/betheme/images/stripes/textline.png]
[www.aep.ng/wp-content/themes/betheme/images/icons/list_star.png]
[www.aep.ng/wp-content/plugins/revslider/public/assets/fonts/revicons/revicons90c6.svg]
[www.aep.ng/wp-content/themes/betheme/images/icons/list_idea.png]
[www.aep.ng/wp-content/themes/betheme/images/stripes/stripes_10_b.png]
[www.aep.ng/wp-content/plugins/revslider/public/assets/css/openhand.html]
[www.aep.ng/wp-content/plugins/revslider/public/assets/css/closedhand.html]
[www.aep.ng/wp-content/themes/betheme/images/timeline_top.png]
[www.aep.ng/wp-content/themes/betheme/images/timeline_left.png]
[www.aep.ng/wp-content/themes/betheme/images/fancy_heading_hr.png]
[www.aep.ng/wp-content/themes/betheme/images/progressbar.png]
[www.aep.ng/wp-content/themes/betheme/fonts/mfn-icons28cd.svg]
[www.aep.ng/wp-content/themes/betheme/assets/ui/images/ui-icons_222222_256x240.png]
[www.aep.ng/wp-content/themes/betheme/assets/ui/images/ui-bg_flat_0_aaaaaa_40x100.png]
[www.aep.ng/wp-content/themes/betheme/assets/ui/images/bg_widget_header.png]
[www.aep.ng/wp-content/themes/betheme/assets/ui/images/ui-bg_flat_75_ffffff_40x100.png]
[www.aep.ng/wp-content/themes/betheme/assets/ui/images/bg_widget_header_active.png]
[www.aep.ng/wp-content/themes/betheme/assets/ui/images/ui-bg_glass_55_fbf9ee_1x400.png]
[www.aep.ng/wp-content/themes/betheme/assets/ui/images/ui-bg_glass_95_fef1ec_1x400.png]
[www.aep.ng/wp-content/themes/betheme/assets/ui/images/ui-icons_888888_256x240.png]
[www.aep.ng/wp-content/themes/betheme/assets/ui/images/ui-icons_2e83ff_256x240.png]
[www.aep.ng/wp-content/themes/betheme/assets/ui/images/ui-icons_cd0a0a_256x240.png]
[www.aep.ng/wp-content/themes/betheme/assets/ui/images/ui-icons_454545_256x240.png]
[www.aep.ng/wp-content/themes/betheme/assets/jplayer/css/jplayer.png]
[www.aep.ng/wp-content/themes/betheme/assets/jplayer/css/jplayer.blue.monday.jpg]
[www.aep.ng/wp-content/themes/betheme/assets/jplayer/css/jplayer.blue.monday.seeking.gif]
[www.aep.ng/wp-content/uploads/2020/03/benjamin-child-GWe0dlVD9e0-unsplash-scaled.jpg]
[www.aep.ng/index9e8b.html]
[www.aep.ng/wp-json/oembed/1.0/embedc03c]
[www.aep.ng/wp-json/oembed/1.0/embed9064.json]
[www.aep.ng/wp-content/uploads/2020/06/drew-beamer-Se7vVKzYxTI-unsplash-scaled.jpg]
[www.aep.ng/wp-json/oembed/1.0/embeda1b2.json]
[www.aep.ng/index6cd9.html]
[www.aep.ng/wp-json/oembed/1.0/embed6b05]
[www.aep.ng/wp-content/uploads/2020/06/No.1.jpg]
[www.aep.ng/wp-content/uploads/2020/06/No.2.jpg]
[www.aep.ng/wp-content/uploads/2020/06/No.3.jpg]
[www.aep.ng/wp-content/uploads/2020/07/Mr-Allam.jpg]
[www.aep.ng/wp-content/uploads/2020/06/No.6.jpg]
[www.aep.ng/king-alfred-p-diete-spiff/index.html]
[www.aep.ng/wp-content/uploads/2020/06/No.4.jpg]
[www.aep.ng/wp-content/uploads/2020/06/No.5.jpg]
[www.aep.ng/gen-ali-nani/index.html]
[www.aep.ng/wp-content/uploads/2020/06/No.7.jpg]
[www.aep.ng/wp-content/uploads/2020/06/No.8.jpg]
[www.aep.ng/h-e-ahmad-saeed-al-badi/index.html]
[www.aep.ng/wp-content/uploads/2020/06/No.9a.jpg]
[www.aep.ng/wp-json/oembed/1.0/embedd622.json]
[www.aep.ng/eng-hassan-allam/index.html]
[www.aep.ng/wp-json/oembed/1.0/embed1e75]
[www.aep.ng/abiye-henderson-membere/index.html]
[www.aep.ng/wp-content/uploads/2020/03/8.-Procurement-main.jpg]
[www.aep.ng/wp-json/oembed/1.0/embedf57e.json]
[www.aep.ng/wp-json/oembed/1.0/embed6d8d]
[www.aep.ng/david-pernas/index.html]
[www.aep.ng/wp-content/uploads/2020/03/5.-Oil-and-Gas-scaled.jpg]
[www.aep.ng/wp-json/oembed/1.0/embed3cc4.json]
[www.aep.ng/wp-json/oembed/1.0/embed3010]
[www.aep.ng/mr-shakiru-olayinka/index.html]
[www.aep.ng/wp-content/uploads/2020/03/matthew-henry-yETqkLnhsUI-unsplash-1-scaled.jpg]
[www.aep.ng/wp-content/uploads/2020/03/dollar-sign-walllpaper.jpg]
[www.aep.ng/engr-akaakar-benjamin/index.html]
[www.aep.ng/wp-json/oembed/1.0/embed7599.json]
[www.aep.ng/wp-json/oembed/1.0/embedc7c8]
[www.aep.ng/wp-content/uploads/2020/03/4.-Manpower-2-scaled.jpg]
[www.aep.ng/wp-json/oembed/1.0/embedb57f]
[www.aep.ng/wp-json/oembed/1.0/embed5764.json]
[www.aep.ng/farida-ahmed/index.html]
[www.aep.ng/wp-json/oembed/1.0/embed982b.json]
[www.aep.ng/wp-json/oembed/1.0/embedc43a]
[www.aep.ng/wp-content/uploads/2020/03/Engineering-procurement.jpg]
[www.aep.ng/kehinde-olona/index.html]
[www.aep.ng/index2fa7.html]
[www.aep.ng/wp-json/oembed/1.0/embeda505.json]
[www.aep.ng/wp-json/oembed/1.0/embeddd3e]
[www.aep.ng/wp-content/uploads/2020/03/6.-Drilling-2.jpg]
[www.aep.ng/wp-json/oembed/1.0/embed81d9]
[www.aep.ng/wp-json/oembed/1.0/embed6160.json]
[www.aep.ng/wp-content/uploads/2020/03/7.-Pipeline-Construction.jpg]
[www.aep.ng/wp-json/oembed/1.0/embede744.json]
[www.aep.ng/wp-json/oembed/1.0/embed14a1]
[www.aep.ng/wp-content/uploads/2020/03/photo-of-two-people-shakehands-2058130-scaled.jpg]
[www.aep.ng/wp-content/uploads/2020/03/1.Horizon.png]
[www.aep.ng/wp-content/uploads/2020/03/4.-Belbadi.png]
[www.aep.ng/wp-content/uploads/2020/03/2.-Pics.png]
[www.aep.ng/wp-content/uploads/2020/03/3.Westford.png]
[www.aep.ng/wp-content/uploads/2020/03/5.-Alsa.png]
[www.aep.ng/wp-json/oembed/1.0/embedbe6d.json]
[www.aep.ng/wp-json/oembed/1.0/embedddb6]
[www.aep.ng/wp-content/uploads/2020/03/oil-worker-3.png]
[www.aep.ng/wp-content/uploads/2020/03/oil-career-1.png]
[www.aep.ng/wp-content/uploads/2020/03/oil-career-2.png]
[www.aep.ng/wp-json/oembed/1.0/embed6161.json]
[www.aep.ng/wp-content/uploads/2020/03/Oil-and-Gas-2.jpg]
[www.aep.ng/wp-json/oembed/1.0/embeda92f]
[www.aep.ng/wp-json/oembed/1.0/embed69f4.json]
[www.aep.ng/wp-json/oembed/1.0/embed7b2a]
[www.aep.ng/wp-json/oembed/1.0/embed8340.json]
[www.aep.ng/wp-json/oembed/1.0/embed4511]
[www.aep.ng/wp-json/oembed/1.0/embed4955.json]
[www.aep.ng/procurement-services/index.html]
[www.aep.ng/wp-json/oembed/1.0/embed980f]
[www.aep.ng/wp-json/oembed/1.0/embedd364.json]
[www.aep.ng/index8bc8.html]
[www.aep.ng/wp-json/oembed/1.0/embed2aa4]
[www.aep.ng/wp-json/oembed/1.0/embed59b7.json]
[www.aep.ng/index1611.html]
[www.aep.ng/wp-json/oembed/1.0/embedf345]
[www.aep.ng/wp-json/oembed/1.0/embed6ec5.json]
[www.aep.ng/index43b2.html]
[www.aep.ng/indexec4a.html]
[www.aep.ng/wp-json/oembed/1.0/embeda0cd]
[www.aep.ng/indexa09e.html]
[www.aep.ng/wp-json/oembed/1.0/embedb65f.json]
[www.aep.ng/wp-json/oembed/1.0/embede319]
[www.aep.ng/indexb7c7.html]
[www.aep.ng/wp-json/oembed/1.0/embed1fba.json]
[www.aep.ng/wp-json/oembed/1.0/embed6518]
[www.aep.ng/indexccf8.html]
[www.aep.ng/wp-json/oembed/1.0/embedea50.json]
[www.aep.ng/indexf3dd.html]
[www.aep.ng/wp-json/oembed/1.0/embed8ac7]
[www.aep.ng/indexd1c3.html]
[www.aep.ng/wp-json/oembed/1.0/embed4117.json]
[www.aep.ng/wp-json/oembed/1.0/embed5d08]
[www.aep.ng/index0735.html]
[www.aep.ng/wp-json/oembed/1.0/embed8e13.json]
[www.aep.ng/wp-json/oembed/1.0/embed633d]
[www.aep.ng/portfolio-item/engineering-construction/index.html]
[www.aep.ng/indexb773.html]
[www.aep.ng/wp-json/oembed/1.0/embed0cf7.json]
[www.aep.ng/wp-json/oembed/1.0/embedc721]
[www.aep.ng/index8e1b.html]
[www.aep.ng/wp-content/uploads/2020/03/6.-Drilling-main-80x80.jpg]
[www.aep.ng/wp-content/uploads/2020/03/4.-Man-Power-80x80.jpg]
[www.aep.ng/index8fee.html]
[www.aep.ng/wp-content/uploads/2020/03/5.-Engineering-construction-main-913x1024.jpg]
[www.aep.ng/index8902.html]
[www.aep.ng/wp-content/uploads/2020/03/5.-Engineering-construction-main-1200x480.jpg]
[www.aep.ng/indexc61d.html]
[www.aep.ng/wp-content/uploads/2020/03/8.-Procurement-main-960x750.jpg]
[www.aep.ng/index3786.html]
[www.aep.ng/wp-content/uploads/2020/03/8.-Procurement-main-913x1024.jpg]
[www.aep.ng/wp-content/uploads/2020/03/7.-Pipeline-construction-main-960x750.jpg]
[www.aep.ng/index67bc.html]
[www.aep.ng/wp-content/uploads/2020/03/7.-Pipeline-construction-main-913x1024.jpg]
[www.aep.ng/wp-content/uploads/2020/03/6.-Drilling-main-960x750.jpg]
[www.aep.ng/indexcde3.html]
[www.aep.ng/wp-content/uploads/2020/03/6.-Drilling-main-913x1024.jpg]
[www.aep.ng/wp-includes/js/comment-reply.min4109.js]
[www.aep.ng/indexd251.html]
[www.aep.ng/index44be.html]
[www.aep.ng/index7c2c.html]
[localhost_8080/aep/wp-content/uploads/2016/08/home_lawyer2_sectionbg2.png]
[localhost_8080/aep/wp-content/uploads/2016/08/home_lawyer2_headingbg.png]
[www.aep.ng/portfolio-item/engineering-construction/feed/index.html]
[www.aep.ng/portfolio-item/man-power-training/index.html]
[w.sharethis.com/button/buttons.js]
[www.aep.ng/portfolio-item/drilling/index.html]
[www.aep.ng/wp-content/uploads/2020/03/5.-Engineering-construction-main-80x80.jpg]
[www.aep.ng/wp-content/uploads/2020/03/money-Ready3-80x80.jpg]
[www.aep.ng/index269b.html]
[www.aep.ng/wp-json/oembed/1.0/embed9a58.json]
[www.aep.ng/wp-json/oembed/1.0/embedfbe6]
[www.aep.ng/wp-content/uploads/2020/03/4.-Man-Power-913x1024.jpg]
[www.aep.ng/wp-content/uploads/2020/03/4.-Man-Power-1200x480.jpg]
[www.aep.ng/portfolio-item/procurement-services/index.html]
[www.aep.ng/wp-json/oembed/1.0/embed80c7.json]
[www.aep.ng/wp-content/uploads/2020/03/6.-Drilling-main-1200x480.jpg]
[www.aep.ng/wp-content/uploads/2020/03/7.-Pipeline-construction-main-80x80.jpg]
[www.aep.ng/portfolio-item/pipeline-construction-and-supply/index.html]
[www.aep.ng/wp-content/uploads/2020/03/5.-Engineering-construction-main-960x750.jpg]
[localhost_8080/aep/wp-content/uploads/2016/08/home_lawyer2_headingbg2.png]
[www.aep.ng/wp-json/oembed/1.0/embeddcfa]
[www.aep.ng/portfolio-item/man-power-training/feed/index.html]
[www.aep.ng/wp-json/oembed/1.0/embed559b.json]
[www.aep.ng/wp-json/oembed/1.0/embedf4f0]
[www.aep.ng/wp-content/uploads/2020/03/8.-Procurement-main-1200x480.jpg]
[www.aep.ng/portfolio-item/asset-financing/index.html]
[www.aep.ng/index248a.html]
[www.aep.ng/wp-json/oembed/1.0/embed80d3.json]
[www.aep.ng/portfolio-item/drilling/feed/index.html]
[www.aep.ng/wp-content/uploads/2020/03/8.-Procurement-main-80x80.jpg]
[www.aep.ng/index421d.html]
[www.aep.ng/wp-json/oembed/1.0/embed1f84]
[www.aep.ng/wp-content/uploads/2020/03/7.-Pipeline-construction-main-1200x480.jpg]
[www.aep.ng/portfolio-item/procurement-services/feed/index.html]
[www.aep.ng/indexf488.html]
[www.aep.ng/wp-json/oembed/1.0/embedac81.json]
[www.aep.ng/wp-json/oembed/1.0/embede72e]
[www.aep.ng/wp-content/uploads/2020/03/Power-Ready-80x80.jpg]
[www.aep.ng/wp-content/uploads/2020/03/money-Ready3-913x1024.jpg]
[www.aep.ng/wp-content/uploads/2020/03/money-Ready3-1200x480.jpg]
[www.aep.ng/portfolio-item/pipeline-construction-and-supply/feed/index.html]
[www.aep.ng/indexbe3b.html]
[www.aep.ng/portfolio-item/asset-financing/feed/index.html]
[www.aep.ng/portfolio-item/power/index.html]
[www.aep.ng/wp-json/oembed/1.0/embedebc6.json]
[www.aep.ng/indexb4d2.html]
[www.aep.ng/wp-content/uploads/2020/03/Oil-Ready-80x80.jpg]
[www.aep.ng/wp-content/uploads/2020/03/Power-Ready-913x1024.jpg]
[www.aep.ng/wp-json/oembed/1.0/embede7ac]
[www.aep.ng/wp-content/uploads/2020/03/Power-Ready-1200x480.jpg]
[www.aep.ng/portfolio-item/power/feed/index.html]
[www.aep.ng/portfolio-item/oil-gas/index.html]
[www.aep.ng/wp-json/oembed/1.0/embedfc13.json]
[www.aep.ng/wp-json/oembed/1.0/embed6965]
[www.aep.ng/index1a26.html]
[www.aep.ng/wp-content/uploads/2020/03/Oil-Ready-913x1024.jpg]
[www.aep.ng/wp-content/uploads/2020/03/Oil-Ready-1200x480.jpg]
[www.aep.ng/portfolio-item/oil-gas/feed/index.html]
[www.aep.ng/index60d6.html]
